// Jest Snapshot v1, https://goo.gl/fbAQLP

exports[`<Clear/> component <Clear/> renders correctly 1`] = `
<div
  className="react-dropdown-select-clear css-x3l5ce-ClearComponent e11qlq5e0"
  onClick={[Function]}
  onKeyPress={[Function]}
  tabIndex="-1"
>
  Ã—
</div>
`;
