// Jest Snapshot v1, https://goo.gl/fbAQLP

exports[`<Clear/> component <Content/> renders correctly 1`] = `
<div
  className="react-dropdown-select-content react-dropdown-select-type-multi css-jznujr-ContentComponent e1gn6jc30"
  onClick={[Function]}
>
  <span
    className="react-dropdown-select-option css-1sb8fud-OptionComponent e1l4eby50"
    role="listitem"
  >
    <span
      className="react-dropdown-select-option-label"
    >
      Leanne Graham
    </span>
    <span
      className="react-dropdown-select-option-remove"
      onClick={[Function]}
    >
      Ã—
    </span>
  </span>
  <input
    className="react-dropdown-select-input css-n2ezd1-InputComponent e11wid6y0"
    onBlur={[Function]}
    onClick={[Function]}
    onKeyPress={[Function]}
    placeholder=""
    readOnly={true}
    tabIndex="-1"
    value=""
  />
</div>
`;
