// Jest Snapshot v1, https://goo.gl/fbAQLP

exports[`<DropdownHandle/> renders correctly 1`] = `
<div
  className="react-dropdown-select-dropdown-handle css-2zkru-DropdownHandleComponent e1vudypg0"
  onClick={[Function]}
  onKeyDown={[Function]}
  onKeyPress={[Function]}
  tabIndex="-1"
>
  <svg
    fill="currentColor"
    preserveAspectRatio="xMidYMid meet"
    viewBox="0 0 40 40"
  >
    <g>
      <path
        d="m31 26.4q0 0.3-0.2 0.5l-1.1 1.2q-0.3 0.2-0.6 0.2t-0.5-0.2l-8.7-8.8-8.8 8.8q-0.2 0.2-0.5 0.2t-0.5-0.2l-1.2-1.2q-0.2-0.2-0.2-0.5t0.2-0.5l10.4-10.4q0.3-0.2 0.6-0.2t0.5 0.2l10.4 10.4q0.2 0.2 0.2 0.5z"
      />
    </g>
  </svg>
</div>
`;
