// Jest Snapshot v1, https://goo.gl/fbAQLP

exports[`<Input/> renders correctly 1`] = `
<input
  className="react-dropdown-select-input css-1mq5oll-InputComponent e11wid6y0"
  onClick={[Function]}
  onKeyPress={[Function]}
  placeholder=""
  readOnly={false}
  tabIndex="-1"
/>
`;
