// Jest Snapshot v1, https://goo.gl/fbAQLP

exports[`<Option/> component renders correctly 1`] = `
<span
  className="react-dropdown-select-option css-tqmr8g-OptionComponent e1l4eby50"
  role="listitem"
>
  <span
    className="react-dropdown-select-option-label"
  />
  <span
    className="react-dropdown-select-option-remove"
    onClick={[Function]}
  >
    Ã—
  </span>
</span>
`;
