// Jest Snapshot v1, https://goo.gl/fbAQLP

exports[`<Separator/> renders correctly 1`] = `
<div
  className="react-dropdown-select-separator css-vxbae9-SeparatorComponent e19h5j1v0"
/>
`;
